[debug] [2026-04-06T13:28:54.086Z] > command requires scopes: ["email","openid","https://www.googleapis.com/auth/cloudplatformprojects.readonly","https://www.googleapis.com/auth/firebase","https://www.googleapis.com/auth/cloud-platform"]
[debug] [2026-04-06T13:28:54.089Z] > authorizing via signed-in user (mkanyandula@gmail.com)
[debug] [2026-04-06T13:28:54.089Z] > command requires scopes: ["email","openid","https://www.googleapis.com/auth/cloudplatformprojects.readonly","https://www.googleapis.com/auth/firebase","https://www.googleapis.com/auth/cloud-platform"]
[debug] [2026-04-06T13:28:54.090Z] > authorizing via signed-in user (mkanyandula@gmail.com)
[debug] [2026-04-06T13:28:54.111Z] > command requires scopes: ["email","openid","https://www.googleapis.com/auth/cloudplatformprojects.readonly","https://www.googleapis.com/auth/firebase","https://www.googleapis.com/auth/cloud-platform"]
[debug] [2026-04-06T13:28:54.112Z] > authorizing via signed-in user (mkanyandula@gmail.com)
[debug] [2026-04-06T13:28:54.151Z] Checked if tokens are valid: false, expires at: 1775153638665
[debug] [2026-04-06T13:28:54.151Z] Checked if tokens are valid: false, expires at: 1775153638665
[debug] [2026-04-06T13:28:54.151Z] > refreshing access token with scopes: []
[debug] [2026-04-06T13:28:54.153Z] >>> [apiv2][query] POST https://www.googleapis.com/oauth2/v3/token [none]
[debug] [2026-04-06T13:28:54.153Z] >>> [apiv2][body] POST https://www.googleapis.com/oauth2/v3/token [omitted]
[debug] [2026-04-06T13:28:54.156Z] Checked if tokens are valid: false, expires at: 1775153638665
[debug] [2026-04-06T13:28:54.156Z] Checked if tokens are valid: false, expires at: 1775153638665
[debug] [2026-04-06T13:28:54.156Z] > refreshing access token with scopes: []
[debug] [2026-04-06T13:28:54.157Z] >>> [apiv2][query] POST https://www.googleapis.com/oauth2/v3/token [none]
[debug] [2026-04-06T13:28:54.157Z] >>> [apiv2][body] POST https://www.googleapis.com/oauth2/v3/token [omitted]
[debug] [2026-04-06T13:28:54.159Z] Checked if tokens are valid: false, expires at: 1775153638665
[debug] [2026-04-06T13:28:54.159Z] Checked if tokens are valid: false, expires at: 1775153638665
[debug] [2026-04-06T13:28:54.159Z] > refreshing access token with scopes: []
[debug] [2026-04-06T13:28:54.159Z] >>> [apiv2][query] POST https://www.googleapis.com/oauth2/v3/token [none]
[debug] [2026-04-06T13:28:54.159Z] >>> [apiv2][body] POST https://www.googleapis.com/oauth2/v3/token [omitted]
[debug] [2026-04-06T13:28:54.260Z] <<< [apiv2][status] POST https://www.googleapis.com/oauth2/v3/token 200
[debug] [2026-04-06T13:28:54.260Z] <<< [apiv2][body] POST https://www.googleapis.com/oauth2/v3/token [omitted]
[debug] [2026-04-06T13:28:54.310Z] >>> [apiv2][query] GET https://serviceusage.googleapis.com/v1/projects//services/firebaseappdistribution.googleapis.com [none]
[debug] [2026-04-06T13:28:54.310Z] >>> [apiv2][(partial)header] GET https://serviceusage.googleapis.com/v1/projects//services/firebaseappdistribution.googleapis.com  x-goog-user-project=
[debug] [2026-04-06T13:28:54.312Z] <<< [apiv2][status] POST https://www.googleapis.com/oauth2/v3/token 200
[debug] [2026-04-06T13:28:54.312Z] <<< [apiv2][body] POST https://www.googleapis.com/oauth2/v3/token [omitted]
[debug] [2026-04-06T13:28:54.357Z] >>> [apiv2][query] GET https://serviceusage.googleapis.com/v1/projects//services/firebaseappdistribution.googleapis.com [none]
[debug] [2026-04-06T13:28:54.357Z] >>> [apiv2][(partial)header] GET https://serviceusage.googleapis.com/v1/projects//services/firebaseappdistribution.googleapis.com  x-goog-user-project=
[debug] [2026-04-06T13:28:54.359Z] <<< [apiv2][status] POST https://www.googleapis.com/oauth2/v3/token 200
[debug] [2026-04-06T13:28:54.359Z] <<< [apiv2][body] POST https://www.googleapis.com/oauth2/v3/token [omitted]
[debug] [2026-04-06T13:28:54.406Z] >>> [apiv2][query] GET https://serviceusage.googleapis.com/v1/projects//services/firebaseappdistribution.googleapis.com [none]
[debug] [2026-04-06T13:28:54.406Z] >>> [apiv2][(partial)header] GET https://serviceusage.googleapis.com/v1/projects//services/firebaseappdistribution.googleapis.com  x-goog-user-project=
[debug] [2026-04-06T13:28:54.566Z] <<< [apiv2][status] GET https://serviceusage.googleapis.com/v1/projects//services/firebaseappdistribution.googleapis.com 400
[debug] [2026-04-06T13:28:54.566Z] <<< [apiv2][body] GET https://serviceusage.googleapis.com/v1/projects//services/firebaseappdistribution.googleapis.com [omitted]
[debug] [2026-04-06T13:28:54.575Z] <<< [apiv2][status] GET https://serviceusage.googleapis.com/v1/projects//services/firebaseappdistribution.googleapis.com 400
[debug] [2026-04-06T13:28:54.575Z] <<< [apiv2][body] GET https://serviceusage.googleapis.com/v1/projects//services/firebaseappdistribution.googleapis.com [omitted]
[debug] [2026-04-06T13:28:54.590Z] > command requires scopes: ["email","openid","https://www.googleapis.com/auth/cloudplatformprojects.readonly","https://www.googleapis.com/auth/firebase","https://www.googleapis.com/auth/cloud-platform"]
[debug] [2026-04-06T13:28:54.591Z] > authorizing via signed-in user (mkanyandula@gmail.com)
[debug] [2026-04-06T13:28:54.592Z] > command requires scopes: ["email","openid","https://www.googleapis.com/auth/cloudplatformprojects.readonly","https://www.googleapis.com/auth/firebase","https://www.googleapis.com/auth/cloud-platform"]
[debug] [2026-04-06T13:28:54.592Z] > authorizing via signed-in user (mkanyandula@gmail.com)
[debug] [2026-04-06T13:28:55.117Z] <<< [apiv2][status] GET https://serviceusage.googleapis.com/v1/projects//services/firebaseappdistribution.googleapis.com 400
[debug] [2026-04-06T13:28:55.117Z] <<< [apiv2][body] GET https://serviceusage.googleapis.com/v1/projects//services/firebaseappdistribution.googleapis.com [omitted]
[debug] [2026-04-06T13:28:55.134Z] > command requires scopes: ["email","openid","https://www.googleapis.com/auth/cloudplatformprojects.readonly","https://www.googleapis.com/auth/firebase","https://www.googleapis.com/auth/cloud-platform"]
[debug] [2026-04-06T13:28:55.135Z] > authorizing via signed-in user (mkanyandula@gmail.com)
[debug] [2026-04-06T13:28:55.136Z] > command requires scopes: ["email","openid","https://www.googleapis.com/auth/cloudplatformprojects.readonly","https://www.googleapis.com/auth/firebase","https://www.googleapis.com/auth/cloud-platform"]
[debug] [2026-04-06T13:28:55.136Z] > authorizing via signed-in user (mkanyandula@gmail.com)
